../Core/Src/main.c:100:10:day_fibonaci	24	static
../Core/Src/main.c:113:10:day_fibonaci2	24	static
../Core/Src/main.c:126:10:day_fibonaci3	24	static
../Core/Src/main.c:139:10:day_fibonaci4	24	static
../Core/Src/main.c:152:10:day_fibonaci5	24	static
../Core/Src/main.c:165:8:get_used_ram_size	40	static
../Core/Src/main.c:182:6:vTimerCallback	72	static,ignoring_inline_asm
../Core/Src/main.c:248:5:main	56	static,ignoring_inline_asm
../Core/Src/main.c:336:6:SystemClock_Config	88	static
../Core/Src/main.c:383:13:MX_USART2_UART_Init	8	static
../Core/Src/main.c:414:13:MX_GPIO_Init	48	static
../Core/Src/main.c:442:13:task1_handler	24	static,ignoring_inline_asm
../Core/Src/main.c:459:13:task2_handler	24	static,ignoring_inline_asm
../Core/Src/main.c:475:13:task3_handler	24	static,ignoring_inline_asm
../Core/Src/main.c:491:13:task4_handler	24	static,ignoring_inline_asm
../Core/Src/main.c:507:13:task5_handler	24	static,ignoring_inline_asm
../Core/Src/main.c:558:16:CalculateCheckXOR	24	static
../Core/Src/main.c:581:1:Serial_SendPacket	72	static
../Core/Src/main.c:621:6:HAL_TIM_PeriodElapsedCallback	16	static
../Core/Src/main.c:638:6:Error_Handler	4	static,ignoring_inline_asm
